// Bun Snapshot v1, https://bun.sh/docs/test/snapshots

exports[`fixture: coke-latam (anonymized real template) full behavior snapshot is stable 1`] = `
{
  "Layout_10 :: Var_12 :: group[0]": [
    [
      "Var_12",
      "lit_10",
    ],
    [
      "Var_13",
      "val_1lit_1val_15lit_1val_21lit_1val_27lit_8",
    ],
    [
      "Var_14",
      "val_1lit_6val_15lit_8",
    ],
    [
      "Var_15",
      "lit_9",
    ],
  ],
  "Layout_10 :: Var_12 :: group[1]": [
    [
      "Var_12",
      "lit_11",
    ],
    [
      "Var_13",
      "val_1lit_1val_17lit_1val_21lit_1val_27lit_8",
    ],
    [
      "Var_14",
      "val_1lit_6val_17lit_8",
    ],
    [
      "Var_15",
      "lit_9",
    ],
  ],
  "Layout_10 :: Var_13 :: group[0]": [
    [
      "Var_12",
      "lit_10",
    ],
    [
      "Var_13",
      "val_1lit_1val_15lit_1val_21lit_1val_27lit_8",
    ],
    [
      "Var_14",
      "val_1lit_6val_15lit_8",
    ],
    [
      "Var_15",
      "lit_9",
    ],
  ],
  "Layout_10 :: Var_13 :: group[1]": [
    [
      "Var_12",
      "lit_10",
    ],
    [
      "Var_13",
      "val_13lit_1val_15lit_1val_22lit_1val_27lit_8",
    ],
    [
      "Var_14",
      "lit_25val_13lit_6val_15lit_8",
    ],
    [
      "Var_15",
      "lit_9",
    ],
  ],
  "Layout_10 :: Var_14 :: group[0]": [
    [
      "Var_12",
      "lit_10",
    ],
    [
      "Var_13",
      "val_1lit_1val_15lit_1val_21lit_1val_27lit_8",
    ],
    [
      "Var_14",
      "val_1lit_6val_15lit_8",
    ],
    [
      "Var_15",
      "lit_9",
    ],
  ],
  "Layout_10 :: Var_14 :: group[1]": [
    [
      "Var_12",
      "lit_10",
    ],
    [
      "Var_13",
      "val_13lit_1val_15lit_1val_22lit_1val_27lit_8",
    ],
    [
      "Var_14",
      "lit_25val_13lit_6val_15lit_8",
    ],
    [
      "Var_15",
      "lit_9",
    ],
  ],
  "Layout_10 :: Var_14 :: group[2]": [
    [
      "Var_12",
      "lit_10",
    ],
    [
      "Var_13",
      "val_5lit_1val_15lit_1val_21lit_1val_27lit_8",
    ],
    [
      "Var_14",
      "lit_7val_15lit_8",
    ],
    [
      "Var_15",
      "lit_9",
    ],
  ],
  "Layout_10 :: Var_15 :: group[0]": [
    [
      "Var_12",
      "lit_10",
    ],
    [
      "Var_13",
      "val_1lit_1val_15lit_1val_21lit_1val_27lit_8",
    ],
    [
      "Var_14",
      "val_1lit_6val_15lit_8",
    ],
    [
      "Var_15",
      "lit_9",
    ],
  ],
  "Layout_11 :: Var_12 :: group[0]": [
    [
      "Var_12",
      "lit_14",
    ],
    [
      "Var_13",
      "val_1lit_1val_15lit_1val_21lit_1val_27lit_12",
    ],
    [
      "Var_14",
      "val_1lit_6val_15lit_12",
    ],
    [
      "Var_15",
      "lit_13",
    ],
    [
      "Var_16",
      "lit_16",
    ],
  ],
  "Layout_11 :: Var_12 :: group[1]": [
    [
      "Var_12",
      "lit_26",
    ],
    [
      "Var_13",
      "val_1lit_1val_17lit_1val_21lit_1val_27lit_12",
    ],
    [
      "Var_14",
      "val_1lit_6val_17lit_12",
    ],
    [
      "Var_15",
      "lit_13",
    ],
    [
      "Var_16",
      "lit_16",
    ],
  ],
  "Layout_11 :: Var_13 :: group[0]": [
    [
      "Var_12",
      "lit_14",
    ],
    [
      "Var_13",
      "val_1lit_1val_15lit_1val_21lit_1val_27lit_12",
    ],
    [
      "Var_14",
      "val_1lit_6val_15lit_12",
    ],
    [
      "Var_15",
      "lit_13",
    ],
    [
      "Var_16",
      "lit_16",
    ],
  ],
  "Layout_11 :: Var_13 :: group[1]": [
    [
      "Var_12",
      "lit_14",
    ],
    [
      "Var_13",
      "val_13lit_1val_15lit_1val_22lit_1val_27lit_12",
    ],
    [
      "Var_14",
      "lit_25val_13lit_6val_15lit_12",
    ],
    [
      "Var_15",
      "lit_13",
    ],
    [
      "Var_16",
      "lit_16",
    ],
  ],
  "Layout_11 :: Var_14 :: group[0]": [
    [
      "Var_12",
      "lit_14",
    ],
    [
      "Var_13",
      "val_1lit_1val_15lit_1val_21lit_1val_27lit_12",
    ],
    [
      "Var_14",
      "val_1lit_6val_15lit_12",
    ],
    [
      "Var_15",
      "lit_13",
    ],
    [
      "Var_16",
      "lit_16",
    ],
  ],
  "Layout_11 :: Var_14 :: group[1]": [
    [
      "Var_12",
      "lit_14",
    ],
    [
      "Var_13",
      "val_13lit_1val_15lit_1val_22lit_1val_27lit_12",
    ],
    [
      "Var_14",
      "lit_25val_13lit_6val_15lit_12",
    ],
    [
      "Var_15",
      "lit_13",
    ],
    [
      "Var_16",
      "lit_16",
    ],
  ],
  "Layout_11 :: Var_14 :: group[2]": [
    [
      "Var_12",
      "lit_14",
    ],
    [
      "Var_13",
      "val_5lit_1val_15lit_1val_21lit_1val_27lit_12",
    ],
    [
      "Var_14",
      "lit_7val_15lit_12",
    ],
    [
      "Var_15",
      "lit_13",
    ],
    [
      "Var_16",
      "lit_16",
    ],
  ],
  "Layout_11 :: Var_15 :: group[0]": [
    [
      "Var_12",
      "lit_14",
    ],
    [
      "Var_13",
      "val_1lit_1val_15lit_1val_21lit_1val_27lit_12",
    ],
    [
      "Var_14",
      "val_1lit_6val_15lit_12",
    ],
    [
      "Var_15",
      "lit_13",
    ],
    [
      "Var_16",
      "lit_16",
    ],
  ],
  "Layout_11 :: Var_16 :: group[0]": [
    [
      "Var_12",
      "lit_14",
    ],
    [
      "Var_13",
      "val_1lit_1val_15lit_1val_21lit_1val_27lit_12",
    ],
    [
      "Var_14",
      "val_1lit_6val_15lit_12",
    ],
    [
      "Var_15",
      "lit_13",
    ],
    [
      "Var_16",
      "lit_16",
    ],
  ],
  "Layout_12 :: Var_12 :: group[0]": [
    [
      "Var_12",
      "lit_27",
    ],
    [
      "Var_13",
      "val_1lit_1val_15lit_1val_21lit_1val_27lit_17",
    ],
    [
      "Var_14",
      "val_1lit_6val_15lit_17",
    ],
    [
      "Var_15",
      "lit_18",
    ],
  ],
  "Layout_12 :: Var_12 :: group[1]": [
    [
      "Var_12",
      "lit_28",
    ],
    [
      "Var_13",
      "val_1lit_1val_17lit_1val_21lit_1val_27lit_17",
    ],
    [
      "Var_14",
      "val_1lit_6val_17lit_17",
    ],
    [
      "Var_15",
      "lit_18",
    ],
  ],
  "Layout_12 :: Var_13 :: group[0]": [
    [
      "Var_12",
      "lit_27",
    ],
    [
      "Var_13",
      "val_1lit_1val_15lit_1val_21lit_1val_27lit_17",
    ],
    [
      "Var_14",
      "val_1lit_6val_15lit_17",
    ],
    [
      "Var_15",
      "lit_18",
    ],
  ],
  "Layout_12 :: Var_13 :: group[1]": [
    [
      "Var_12",
      "lit_27",
    ],
    [
      "Var_13",
      "val_13lit_1val_15lit_1val_22lit_1val_27lit_17",
    ],
    [
      "Var_14",
      "lit_25val_13lit_6val_15lit_17",
    ],
    [
      "Var_15",
      "lit_18",
    ],
  ],
  "Layout_12 :: Var_14 :: group[0]": [
    [
      "Var_12",
      "lit_27",
    ],
    [
      "Var_13",
      "val_1lit_1val_15lit_1val_21lit_1val_27lit_17",
    ],
    [
      "Var_14",
      "val_1lit_6val_15lit_17",
    ],
    [
      "Var_15",
      "lit_18",
    ],
  ],
  "Layout_12 :: Var_14 :: group[1]": [
    [
      "Var_12",
      "lit_27",
    ],
    [
      "Var_13",
      "val_13lit_1val_15lit_1val_22lit_1val_27lit_17",
    ],
    [
      "Var_14",
      "lit_25val_13lit_6val_15lit_17",
    ],
    [
      "Var_15",
      "lit_18",
    ],
  ],
  "Layout_12 :: Var_14 :: group[2]": [
    [
      "Var_12",
      "lit_27",
    ],
    [
      "Var_13",
      "val_5lit_1val_15lit_1val_21lit_1val_27lit_17",
    ],
    [
      "Var_14",
      "lit_7val_15lit_17",
    ],
    [
      "Var_15",
      "lit_18",
    ],
  ],
  "Layout_12 :: Var_15 :: group[0]": [
    [
      "Var_12",
      "lit_27",
    ],
    [
      "Var_13",
      "val_1lit_1val_15lit_1val_21lit_1val_27lit_17",
    ],
    [
      "Var_14",
      "val_1lit_6val_15lit_17",
    ],
    [
      "Var_15",
      "lit_18",
    ],
  ],
  "Layout_13 :: Var_12 :: group[0]": [
    [
      "Var_12",
      "lit_29",
    ],
    [
      "Var_13",
      "val_1lit_1val_15lit_1val_21lit_1val_27lit_21",
    ],
    [
      "Var_14",
      "val_1lit_6val_15lit_21",
    ],
    [
      "Var_15",
      "lit_18",
    ],
  ],
  "Layout_13 :: Var_12 :: group[1]": [
    [
      "Var_12",
      "lit_30",
    ],
    [
      "Var_13",
      "val_1lit_1val_17lit_1val_21lit_1val_27lit_21",
    ],
    [
      "Var_14",
      "val_1lit_6val_17lit_21",
    ],
    [
      "Var_15",
      "lit_18",
    ],
  ],
  "Layout_13 :: Var_13 :: group[0]": [
    [
      "Var_12",
      "lit_29",
    ],
    [
      "Var_13",
      "val_1lit_1val_15lit_1val_21lit_1val_27lit_21",
    ],
    [
      "Var_14",
      "val_1lit_6val_15lit_21",
    ],
    [
      "Var_15",
      "lit_18",
    ],
  ],
  "Layout_13 :: Var_13 :: group[1]": [
    [
      "Var_12",
      "lit_29",
    ],
    [
      "Var_13",
      "val_13lit_1val_15lit_1val_22lit_1val_27lit_21",
    ],
    [
      "Var_14",
      "lit_31val_15lit_17",
    ],
    [
      "Var_15",
      "lit_18",
    ],
  ],
  "Layout_13 :: Var_14 :: group[0]": [
    [
      "Var_12",
      "lit_29",
    ],
    [
      "Var_13",
      "val_1lit_1val_15lit_1val_21lit_1val_27lit_21",
    ],
    [
      "Var_14",
      "val_1lit_6val_15lit_21",
    ],
    [
      "Var_15",
      "lit_18",
    ],
  ],
  "Layout_13 :: Var_14 :: group[1]": [
    [
      "Var_12",
      "lit_29",
    ],
    [
      "Var_13",
      "val_13lit_1val_16lit_1val_22lit_1val_27lit_21",
    ],
    [
      "Var_14",
      "lit_31val_16lit_21",
    ],
    [
      "Var_15",
      "lit_18",
    ],
  ],
  "Layout_13 :: Var_14 :: group[2]": [
    [
      "Var_12",
      "lit_29",
    ],
    [
      "Var_13",
      "val_5lit_1val_15lit_1val_21lit_1val_27lit_21",
    ],
    [
      "Var_14",
      "lit_7val_15lit_21",
    ],
    [
      "Var_15",
      "lit_18",
    ],
  ],
  "Layout_13 :: Var_14 :: group[3]": [
    [
      "Var_12",
      "lit_29",
    ],
    [
      "Var_13",
      "val_13lit_1val_15lit_1val_22lit_1val_27lit_21",
    ],
    [
      "Var_14",
      "lit_31val_15lit_17",
    ],
    [
      "Var_15",
      "lit_18",
    ],
  ],
  "Layout_13 :: Var_15 :: group[0]": [
    [
      "Var_12",
      "lit_29",
    ],
    [
      "Var_13",
      "val_1lit_1val_15lit_1val_21lit_1val_27lit_21",
    ],
    [
      "Var_14",
      "val_1lit_6val_15lit_21",
    ],
    [
      "Var_15",
      "lit_18",
    ],
  ],
  "Layout_15 :: Var_12 :: group[0]": [
    [
      "Var_12",
      "lit_4",
    ],
    [
      "Var_13",
      "val_1lit_1val_15lit_1val_24lit_1val_27lit_32",
    ],
    [
      "Var_14",
      "val_1lit_6val_15lit_2",
    ],
    [
      "Var_15",
      "lit_3",
    ],
  ],
  "Layout_15 :: Var_12 :: group[1]": [
    [
      "Var_12",
      "lit_5",
    ],
    [
      "Var_13",
      "val_1lit_1val_17lit_1val_24lit_1val_27lit_32",
    ],
    [
      "Var_14",
      "val_1lit_6val_17lit_2",
    ],
    [
      "Var_15",
      "lit_3",
    ],
  ],
  "Layout_15 :: Var_13 :: group[0]": [
    [
      "Var_12",
      "lit_4",
    ],
    [
      "Var_13",
      "val_1lit_1val_15lit_1val_24lit_1val_27lit_32",
    ],
    [
      "Var_14",
      "val_1lit_6val_15lit_2",
    ],
    [
      "Var_15",
      "lit_3",
    ],
  ],
  "Layout_15 :: Var_13 :: group[1]": [
    [
      "Var_12",
      "lit_4",
    ],
    [
      "Var_13",
      "val_13lit_1val_15lit_1val_25lit_1val_27lit_32",
    ],
    [
      "Var_14",
      "lit_33val_13lit_6val_15lit_2",
    ],
    [
      "Var_15",
      "lit_3",
    ],
  ],
  "Layout_15 :: Var_14 :: group[0]": [
    [
      "Var_12",
      "lit_4",
    ],
    [
      "Var_13",
      "val_1lit_1val_15lit_1val_24lit_1val_27lit_32",
    ],
    [
      "Var_14",
      "val_1lit_6val_15lit_2",
    ],
    [
      "Var_15",
      "lit_3",
    ],
  ],
  "Layout_15 :: Var_14 :: group[1]": [
    [
      "Var_12",
      "lit_4",
    ],
    [
      "Var_13",
      "val_13lit_1val_15lit_1val_25lit_1val_27lit_32",
    ],
    [
      "Var_14",
      "lit_33val_13lit_6val_15lit_2",
    ],
    [
      "Var_15",
      "lit_3",
    ],
  ],
  "Layout_15 :: Var_14 :: group[2]": [
    [
      "Var_12",
      "lit_4",
    ],
    [
      "Var_13",
      "val_5lit_1val_15lit_1val_24lit_1val_27lit_32",
    ],
    [
      "Var_14",
      "lit_7val_15lit_2",
    ],
    [
      "Var_15",
      "lit_3",
    ],
  ],
  "Layout_15 :: Var_15 :: group[0]": [
    [
      "Var_12",
      "lit_4",
    ],
    [
      "Var_13",
      "val_1lit_1val_15lit_1val_24lit_1val_27lit_32",
    ],
    [
      "Var_14",
      "val_1lit_6val_15lit_2",
    ],
    [
      "Var_15",
      "lit_3",
    ],
  ],
  "Layout_16 :: Var_12 :: group[0]": [
    [
      "Var_12",
      "lit_10",
    ],
    [
      "Var_13",
      "val_1lit_1val_15lit_1val_24lit_1val_27lit_34",
    ],
    [
      "Var_14",
      "val_1lit_6val_15lit_8",
    ],
    [
      "Var_15",
      "lit_9",
    ],
  ],
  "Layout_16 :: Var_12 :: group[1]": [
    [
      "Var_12",
      "lit_11",
    ],
    [
      "Var_13",
      "val_1lit_1val_17lit_1val_24lit_1val_27lit_34",
    ],
    [
      "Var_14",
      "val_1lit_6val_17lit_8",
    ],
    [
      "Var_15",
      "lit_9",
    ],
  ],
  "Layout_16 :: Var_13 :: group[0]": [
    [
      "Var_12",
      "lit_10",
    ],
    [
      "Var_13",
      "val_1lit_1val_15lit_1val_24lit_1val_27lit_34",
    ],
    [
      "Var_14",
      "val_1lit_6val_15lit_8",
    ],
    [
      "Var_15",
      "lit_9",
    ],
  ],
  "Layout_16 :: Var_13 :: group[1]": [
    [
      "Var_12",
      "lit_10",
    ],
    [
      "Var_13",
      "val_13lit_1val_15lit_1val_25lit_1val_27lit_34",
    ],
    [
      "Var_14",
      "lit_33val_13lit_6val_15lit_8",
    ],
    [
      "Var_15",
      "lit_9",
    ],
  ],
  "Layout_16 :: Var_14 :: group[0]": [
    [
      "Var_12",
      "lit_10",
    ],
    [
      "Var_13",
      "val_1lit_1val_15lit_1val_24lit_1val_27lit_34",
    ],
    [
      "Var_14",
      "val_1lit_6val_15lit_8",
    ],
    [
      "Var_15",
      "lit_9",
    ],
  ],
  "Layout_16 :: Var_14 :: group[1]": [
    [
      "Var_12",
      "lit_10",
    ],
    [
      "Var_13",
      "val_13lit_1val_15lit_1val_25lit_1val_27lit_34",
    ],
    [
      "Var_14",
      "lit_33val_13lit_6val_15lit_8",
    ],
    [
      "Var_15",
      "lit_9",
    ],
  ],
  "Layout_16 :: Var_14 :: group[2]": [
    [
      "Var_12",
      "lit_10",
    ],
    [
      "Var_13",
      "val_5lit_1val_15lit_1val_24lit_1val_27lit_34",
    ],
    [
      "Var_14",
      "lit_7val_15lit_8",
    ],
    [
      "Var_15",
      "lit_9",
    ],
  ],
  "Layout_16 :: Var_15 :: group[0]": [
    [
      "Var_12",
      "lit_10",
    ],
    [
      "Var_13",
      "val_1lit_1val_15lit_1val_24lit_1val_27lit_34",
    ],
    [
      "Var_14",
      "val_1lit_6val_15lit_8",
    ],
    [
      "Var_15",
      "lit_9",
    ],
  ],
  "Layout_17 :: Var_12 :: group[0]": [
    [
      "Var_12",
      "lit_14",
    ],
    [
      "Var_13",
      "val_1lit_1val_15lit_1val_24lit_1val_27lit_35",
    ],
    [
      "Var_14",
      "lit_33val_1lit_6val_15lit_12",
    ],
    [
      "Var_15",
      "lit_13",
    ],
    [
      "Var_16",
      "lit_16",
    ],
  ],
  "Layout_17 :: Var_12 :: group[1]": [
    [
      "Var_12",
      "lit_15",
    ],
    [
      "Var_13",
      "val_1lit_1val_17lit_1val_24lit_1val_27lit_35",
    ],
    [
      "Var_14",
      "lit_33val_1lit_6val_17lit_12",
    ],
    [
      "Var_15",
      "lit_13",
    ],
    [
      "Var_16",
      "lit_16",
    ],
  ],
  "Layout_17 :: Var_13 :: group[0]": [
    [
      "Var_12",
      "lit_14",
    ],
    [
      "Var_13",
      "val_1lit_1val_15lit_1val_24lit_1val_27lit_35",
    ],
    [
      "Var_14",
      "lit_33val_1lit_6val_15lit_12",
    ],
    [
      "Var_15",
      "lit_13",
    ],
    [
      "Var_16",
      "lit_16",
    ],
  ],
  "Layout_17 :: Var_13 :: group[1]": [
    [
      "Var_12",
      "lit_14",
    ],
    [
      "Var_13",
      "val_13lit_1val_15lit_1val_25lit_1val_27lit_35",
    ],
    [
      "Var_14",
      "lit_33val_13lit_6val_15lit_12",
    ],
    [
      "Var_15",
      "lit_13",
    ],
    [
      "Var_16",
      "lit_16",
    ],
  ],
  "Layout_17 :: Var_14 :: group[0]": [
    [
      "Var_12",
      "lit_14",
    ],
    [
      "Var_13",
      "val_1lit_1val_15lit_1val_24lit_1val_27lit_35",
    ],
    [
      "Var_14",
      "lit_33val_1lit_6val_15lit_12",
    ],
    [
      "Var_15",
      "lit_13",
    ],
    [
      "Var_16",
      "lit_16",
    ],
  ],
  "Layout_17 :: Var_14 :: group[1]": [
    [
      "Var_12",
      "lit_14",
    ],
    [
      "Var_13",
      "val_13lit_1val_15lit_1val_25lit_1val_27lit_35",
    ],
    [
      "Var_14",
      "lit_33val_13lit_6val_15lit_12",
    ],
    [
      "Var_15",
      "lit_13",
    ],
    [
      "Var_16",
      "lit_16",
    ],
  ],
  "Layout_17 :: Var_14 :: group[2]": [
    [
      "Var_12",
      "lit_14",
    ],
    [
      "Var_13",
      "val_5lit_1val_15lit_1val_24lit_1val_27lit_35",
    ],
    [
      "Var_14",
      "lit_33lit_7val_15lit_12",
    ],
    [
      "Var_15",
      "lit_13",
    ],
    [
      "Var_16",
      "lit_16",
    ],
  ],
  "Layout_17 :: Var_15 :: group[0]": [
    [
      "Var_12",
      "lit_14",
    ],
    [
      "Var_13",
      "val_1lit_1val_15lit_1val_24lit_1val_27lit_35",
    ],
    [
      "Var_14",
      "lit_33val_1lit_6val_15lit_12",
    ],
    [
      "Var_15",
      "lit_13",
    ],
    [
      "Var_16",
      "lit_16",
    ],
  ],
  "Layout_17 :: Var_16 :: group[0]": [
    [
      "Var_12",
      "lit_14",
    ],
    [
      "Var_13",
      "val_1lit_1val_15lit_1val_24lit_1val_27lit_35",
    ],
    [
      "Var_14",
      "lit_33val_1lit_6val_15lit_12",
    ],
    [
      "Var_15",
      "lit_13",
    ],
    [
      "Var_16",
      "lit_16",
    ],
  ],
  "Layout_18 :: Var_12 :: group[0]": [
    [
      "Var_12",
      "lit_37",
    ],
    [
      "Var_13",
      "val_1lit_1val_15lit_1val_24lit_1val_27lit_36",
    ],
    [
      "Var_14",
      "val_1lit_6val_15lit_17",
    ],
    [
      "Var_15",
      "lit_18",
    ],
  ],
  "Layout_18 :: Var_12 :: group[1]": [
    [
      "Var_12",
      "lit_38",
    ],
    [
      "Var_13",
      "val_1lit_1val_17lit_1val_24lit_1val_27lit_36",
    ],
    [
      "Var_14",
      "val_1lit_6val_17lit_17",
    ],
    [
      "Var_15",
      "lit_18",
    ],
  ],
  "Layout_18 :: Var_13 :: group[0]": [
    [
      "Var_12",
      "lit_37",
    ],
    [
      "Var_13",
      "val_1lit_1val_15lit_1val_24lit_1val_27lit_36",
    ],
    [
      "Var_14",
      "val_1lit_6val_15lit_17",
    ],
    [
      "Var_15",
      "lit_18",
    ],
  ],
  "Layout_18 :: Var_13 :: group[1]": [
    [
      "Var_12",
      "lit_37",
    ],
    [
      "Var_13",
      "val_13lit_1val_15lit_1val_25lit_1val_27lit_36",
    ],
    [
      "Var_14",
      "lit_39val_15lit_17",
    ],
    [
      "Var_15",
      "lit_18",
    ],
  ],
  "Layout_18 :: Var_14 :: group[0]": [
    [
      "Var_12",
      "lit_37",
    ],
    [
      "Var_13",
      "val_1lit_1val_15lit_1val_24lit_1val_27lit_36",
    ],
    [
      "Var_14",
      "val_1lit_6val_15lit_17",
    ],
    [
      "Var_15",
      "lit_18",
    ],
  ],
  "Layout_18 :: Var_14 :: group[1]": [
    [
      "Var_12",
      "lit_37",
    ],
    [
      "Var_13",
      "val_13lit_1val_15lit_1val_25lit_1val_27lit_36",
    ],
    [
      "Var_14",
      "lit_39val_15lit_17",
    ],
    [
      "Var_15",
      "lit_18",
    ],
  ],
  "Layout_18 :: Var_14 :: group[2]": [
    [
      "Var_12",
      "lit_37",
    ],
    [
      "Var_13",
      "val_5lit_1val_15lit_1val_24lit_1val_27lit_36",
    ],
    [
      "Var_14",
      "lit_7val_15lit_17",
    ],
    [
      "Var_15",
      "lit_18",
    ],
  ],
  "Layout_18 :: Var_15 :: group[0]": [
    [
      "Var_12",
      "lit_37",
    ],
    [
      "Var_13",
      "val_1lit_1val_15lit_1val_24lit_1val_27lit_36",
    ],
    [
      "Var_14",
      "val_1lit_6val_15lit_17",
    ],
    [
      "Var_15",
      "lit_18",
    ],
  ],
  "Layout_19 :: Var_12 :: group[0]": [
    [
      "Var_12",
      "lit_41",
    ],
    [
      "Var_13",
      "val_1lit_1val_15lit_1val_24lit_1val_27lit_40",
    ],
    [
      "Var_14",
      "val_1lit_6val_15lit_21",
    ],
    [
      "Var_15",
      "lit_22",
    ],
  ],
  "Layout_19 :: Var_12 :: group[1]": [
    [
      "Var_12",
      "lit_42",
    ],
    [
      "Var_13",
      "val_1lit_1val_17lit_1val_24lit_1val_27lit_40",
    ],
    [
      "Var_14",
      "val_1lit_6val_17lit_21",
    ],
    [
      "Var_15",
      "lit_22",
    ],
  ],
  "Layout_19 :: Var_13 :: group[0]": [
    [
      "Var_12",
      "lit_41",
    ],
    [
      "Var_13",
      "val_1lit_1val_15lit_1val_24lit_1val_27lit_40",
    ],
    [
      "Var_14",
      "val_1lit_6val_15lit_21",
    ],
    [
      "Var_15",
      "lit_22",
    ],
  ],
  "Layout_19 :: Var_13 :: group[1]": [
    [
      "Var_12",
      "lit_41",
    ],
    [
      "Var_13",
      "val_13lit_1val_15lit_1val_25lit_1val_27lit_40",
    ],
    [
      "Var_14",
      "lit_33val_13lit_6val_15lit_21",
    ],
    [
      "Var_15",
      "lit_22",
    ],
  ],
  "Layout_19 :: Var_14 :: group[0]": [
    [
      "Var_12",
      "lit_41",
    ],
    [
      "Var_13",
      "val_1lit_1val_15lit_1val_24lit_1val_27lit_40",
    ],
    [
      "Var_14",
      "val_1lit_6val_15lit_21",
    ],
    [
      "Var_15",
      "lit_22",
    ],
  ],
  "Layout_19 :: Var_14 :: group[1]": [
    [
      "Var_12",
      "lit_41",
    ],
    [
      "Var_13",
      "val_13lit_1val_15lit_1val_25lit_1val_27lit_40",
    ],
    [
      "Var_14",
      "lit_33val_13lit_6val_15lit_21",
    ],
    [
      "Var_15",
      "lit_22",
    ],
  ],
  "Layout_19 :: Var_14 :: group[2]": [
    [
      "Var_12",
      "lit_41",
    ],
    [
      "Var_13",
      "val_5lit_1val_15lit_1val_24lit_1val_27lit_40",
    ],
    [
      "Var_14",
      "lit_7val_15lit_21",
    ],
    [
      "Var_15",
      "lit_22",
    ],
  ],
  "Layout_19 :: Var_15 :: group[0]": [
    [
      "Var_12",
      "lit_41",
    ],
    [
      "Var_13",
      "val_1lit_1val_15lit_1val_24lit_1val_27lit_40",
    ],
    [
      "Var_14",
      "val_1lit_6val_15lit_21",
    ],
    [
      "Var_15",
      "lit_22",
    ],
  ],
  "Layout_3 :: Var_12 :: group[0]": [
    [
      "Var_12",
      "lit_4",
    ],
    [
      "Var_13",
      "val_1lit_1val_15lit_1val_18lit_1val_27lit_2",
    ],
    [
      "Var_14",
      "val_1lit_6val_15lit_2",
    ],
    [
      "Var_15",
      "lit_3",
    ],
  ],
  "Layout_3 :: Var_12 :: group[1]": [
    [
      "Var_12",
      "lit_5",
    ],
    [
      "Var_13",
      "val_1lit_1val_17lit_1val_18lit_1val_27lit_2",
    ],
    [
      "Var_14",
      "val_1lit_6val_17lit_2",
    ],
    [
      "Var_15",
      "lit_3",
    ],
  ],
  "Layout_3 :: Var_13 :: group[0]": [
    [
      "Var_12",
      "lit_4",
    ],
    [
      "Var_13",
      "val_1lit_1val_15lit_1val_18lit_1val_27lit_2",
    ],
    [
      "Var_14",
      "val_1lit_6val_15lit_2",
    ],
    [
      "Var_15",
      "lit_3",
    ],
  ],
  "Layout_3 :: Var_13 :: group[1]": [
    [
      "Var_12",
      "lit_4",
    ],
    [
      "Var_13",
      "val_13lit_1val_15lit_1val_19lit_1val_27lit_2",
    ],
    [
      "Var_14",
      "val_13lit_6val_15lit_2",
    ],
    [
      "Var_15",
      "lit_3",
    ],
  ],
  "Layout_3 :: Var_14 :: group[0]": [
    [
      "Var_12",
      "lit_4",
    ],
    [
      "Var_13",
      "val_1lit_1val_15lit_1val_18lit_1val_27lit_2",
    ],
    [
      "Var_14",
      "val_1lit_6val_15lit_2",
    ],
    [
      "Var_15",
      "lit_3",
    ],
  ],
  "Layout_3 :: Var_14 :: group[1]": [
    [
      "Var_12",
      "lit_4",
    ],
    [
      "Var_13",
      "val_5lit_1val_15lit_1val_18lit_1val_27lit_2",
    ],
    [
      "Var_14",
      "lit_7val_15lit_2",
    ],
    [
      "Var_15",
      "lit_3",
    ],
  ],
  "Layout_3 :: Var_15 :: group[0]": [
    [
      "Var_12",
      "lit_4",
    ],
    [
      "Var_13",
      "val_1lit_1val_15lit_1val_18lit_1val_27lit_2",
    ],
    [
      "Var_14",
      "val_1lit_6val_15lit_2",
    ],
    [
      "Var_15",
      "lit_3",
    ],
  ],
  "Layout_4 :: Var_12 :: group[0]": [
    [
      "Var_12",
      "lit_10",
    ],
    [
      "Var_13",
      "val_1lit_1val_15lit_1val_18lit_1val_27lit_8",
    ],
    [
      "Var_14",
      "val_1lit_6val_15lit_8",
    ],
    [
      "Var_15",
      "lit_9",
    ],
  ],
  "Layout_4 :: Var_12 :: group[1]": [
    [
      "Var_12",
      "lit_11",
    ],
    [
      "Var_13",
      "val_1lit_1val_17lit_1val_18lit_1val_27lit_8",
    ],
    [
      "Var_14",
      "val_1lit_6val_17lit_8",
    ],
    [
      "Var_15",
      "lit_9",
    ],
  ],
  "Layout_4 :: Var_13 :: group[0]": [
    [
      "Var_12",
      "lit_10",
    ],
    [
      "Var_13",
      "val_1lit_1val_15lit_1val_18lit_1val_27lit_8",
    ],
    [
      "Var_14",
      "val_1lit_6val_15lit_8",
    ],
    [
      "Var_15",
      "lit_9",
    ],
  ],
  "Layout_4 :: Var_13 :: group[1]": [
    [
      "Var_12",
      "lit_10",
    ],
    [
      "Var_13",
      "val_13lit_1val_15lit_1val_19lit_1val_27lit_8",
    ],
    [
      "Var_14",
      "val_13lit_6val_15lit_8",
    ],
    [
      "Var_15",
      "lit_9",
    ],
  ],
  "Layout_4 :: Var_14 :: group[0]": [
    [
      "Var_12",
      "lit_10",
    ],
    [
      "Var_13",
      "val_1lit_1val_15lit_1val_18lit_1val_27lit_8",
    ],
    [
      "Var_14",
      "val_1lit_6val_15lit_8",
    ],
    [
      "Var_15",
      "lit_9",
    ],
  ],
  "Layout_4 :: Var_14 :: group[1]": [
    [
      "Var_12",
      "lit_10",
    ],
    [
      "Var_13",
      "val_5lit_1val_15lit_1val_18lit_1val_27lit_8",
    ],
    [
      "Var_14",
      "lit_7val_15lit_8",
    ],
    [
      "Var_15",
      "lit_9",
    ],
  ],
  "Layout_4 :: Var_15 :: group[0]": [
    [
      "Var_12",
      "lit_10",
    ],
    [
      "Var_13",
      "val_1lit_1val_15lit_1val_18lit_1val_27lit_8",
    ],
    [
      "Var_14",
      "val_1lit_6val_15lit_8",
    ],
    [
      "Var_15",
      "lit_9",
    ],
  ],
  "Layout_5 :: Var_12 :: group[0]": [
    [
      "Var_12",
      "lit_14",
    ],
    [
      "Var_13",
      "val_1lit_1val_15lit_1val_18lit_1val_27lit_12",
    ],
    [
      "Var_14",
      "val_1lit_6val_15lit_12",
    ],
    [
      "Var_15",
      "lit_13",
    ],
    [
      "Var_16",
      "lit_16",
    ],
  ],
  "Layout_5 :: Var_12 :: group[1]": [
    [
      "Var_12",
      "lit_15",
    ],
    [
      "Var_13",
      "val_1lit_1val_17lit_1val_18lit_1val_27lit_12",
    ],
    [
      "Var_14",
      "val_1lit_6val_17lit_12",
    ],
    [
      "Var_15",
      "lit_13",
    ],
    [
      "Var_16",
      "lit_16",
    ],
  ],
  "Layout_5 :: Var_13 :: group[0]": [
    [
      "Var_12",
      "lit_14",
    ],
    [
      "Var_13",
      "val_1lit_1val_15lit_1val_18lit_1val_27lit_12",
    ],
    [
      "Var_14",
      "val_1lit_6val_15lit_12",
    ],
    [
      "Var_15",
      "lit_13",
    ],
    [
      "Var_16",
      "lit_16",
    ],
  ],
  "Layout_5 :: Var_13 :: group[1]": [
    [
      "Var_12",
      "lit_14",
    ],
    [
      "Var_13",
      "val_13lit_1val_15lit_1val_19lit_1val_27lit_12",
    ],
    [
      "Var_14",
      "val_13lit_6val_15lit_12",
    ],
    [
      "Var_15",
      "lit_13",
    ],
    [
      "Var_16",
      "lit_16",
    ],
  ],
  "Layout_5 :: Var_14 :: group[0]": [
    [
      "Var_12",
      "lit_14",
    ],
    [
      "Var_13",
      "val_1lit_1val_15lit_1val_18lit_1val_27lit_12",
    ],
    [
      "Var_14",
      "val_1lit_6val_15lit_12",
    ],
    [
      "Var_15",
      "lit_13",
    ],
    [
      "Var_16",
      "lit_16",
    ],
  ],
  "Layout_5 :: Var_14 :: group[1]": [
    [
      "Var_12",
      "lit_14",
    ],
    [
      "Var_13",
      "val_5lit_1val_15lit_1val_18lit_1val_27lit_12",
    ],
    [
      "Var_14",
      "lit_7val_15lit_12",
    ],
    [
      "Var_15",
      "lit_13",
    ],
    [
      "Var_16",
      "lit_16",
    ],
  ],
  "Layout_5 :: Var_15 :: group[0]": [
    [
      "Var_12",
      "lit_14",
    ],
    [
      "Var_13",
      "val_1lit_1val_15lit_1val_18lit_1val_27lit_12",
    ],
    [
      "Var_14",
      "val_1lit_6val_15lit_12",
    ],
    [
      "Var_15",
      "lit_13",
    ],
    [
      "Var_16",
      "lit_16",
    ],
  ],
  "Layout_5 :: Var_16 :: group[0]": [
    [
      "Var_12",
      "lit_14",
    ],
    [
      "Var_13",
      "val_1lit_1val_15lit_1val_18lit_1val_27lit_12",
    ],
    [
      "Var_14",
      "val_1lit_6val_15lit_12",
    ],
    [
      "Var_15",
      "lit_13",
    ],
    [
      "Var_16",
      "lit_16",
    ],
  ],
  "Layout_6 :: Var_12 :: group[0]": [
    [
      "Var_12",
      "lit_19",
    ],
    [
      "Var_13",
      "val_1lit_1val_15lit_1val_18lit_1val_27lit_17",
    ],
    [
      "Var_14",
      "val_1lit_6val_15lit_17",
    ],
    [
      "Var_15",
      "lit_18",
    ],
  ],
  "Layout_6 :: Var_12 :: group[1]": [
    [
      "Var_12",
      "lit_20",
    ],
    [
      "Var_13",
      "val_1lit_1val_17lit_1val_18lit_1val_27lit_17",
    ],
    [
      "Var_14",
      "val_1lit_6val_17lit_17",
    ],
    [
      "Var_15",
      "lit_18",
    ],
  ],
  "Layout_6 :: Var_13 :: group[0]": [
    [
      "Var_12",
      "lit_19",
    ],
    [
      "Var_13",
      "val_1lit_1val_15lit_1val_18lit_1val_27lit_17",
    ],
    [
      "Var_14",
      "val_1lit_6val_15lit_17",
    ],
    [
      "Var_15",
      "lit_18",
    ],
  ],
  "Layout_6 :: Var_13 :: group[1]": [
    [
      "Var_12",
      "lit_19",
    ],
    [
      "Var_13",
      "val_13lit_1val_15lit_1val_19lit_1val_27lit_17",
    ],
    [
      "Var_14",
      "val_13lit_6val_15lit_17",
    ],
    [
      "Var_15",
      "lit_18",
    ],
  ],
  "Layout_6 :: Var_14 :: group[0]": [
    [
      "Var_12",
      "lit_19",
    ],
    [
      "Var_13",
      "val_1lit_1val_15lit_1val_18lit_1val_27lit_17",
    ],
    [
      "Var_14",
      "val_1lit_6val_15lit_17",
    ],
    [
      "Var_15",
      "lit_18",
    ],
  ],
  "Layout_6 :: Var_14 :: group[1]": [
    [
      "Var_12",
      "lit_19",
    ],
    [
      "Var_13",
      "val_5lit_1val_15lit_1val_18lit_1val_27lit_17",
    ],
    [
      "Var_14",
      "lit_7val_15lit_17",
    ],
    [
      "Var_15",
      "lit_18",
    ],
  ],
  "Layout_6 :: Var_15 :: group[0]": [
    [
      "Var_12",
      "lit_19",
    ],
    [
      "Var_13",
      "val_1lit_1val_15lit_1val_18lit_1val_27lit_17",
    ],
    [
      "Var_14",
      "val_1lit_6val_15lit_17",
    ],
    [
      "Var_15",
      "lit_18",
    ],
  ],
  "Layout_7 :: Var_12 :: group[0]": [
    [
      "Var_12",
      "lit_23",
    ],
    [
      "Var_13",
      "val_1lit_1val_15lit_1val_18lit_1val_27lit_21",
    ],
    [
      "Var_14",
      "val_1lit_6val_15lit_21",
    ],
    [
      "Var_15",
      "lit_22",
    ],
  ],
  "Layout_7 :: Var_12 :: group[1]": [
    [
      "Var_12",
      "lit_24",
    ],
    [
      "Var_13",
      "val_1lit_1val_17lit_1val_18lit_1val_27lit_21",
    ],
    [
      "Var_14",
      "val_1lit_6val_17lit_21",
    ],
    [
      "Var_15",
      "lit_22",
    ],
  ],
  "Layout_7 :: Var_13 :: group[0]": [
    [
      "Var_12",
      "lit_23",
    ],
    [
      "Var_13",
      "val_1lit_1val_15lit_1val_18lit_1val_27lit_21",
    ],
    [
      "Var_14",
      "val_1lit_6val_15lit_21",
    ],
    [
      "Var_15",
      "lit_22",
    ],
  ],
  "Layout_7 :: Var_13 :: group[1]": [
    [
      "Var_12",
      "lit_23",
    ],
    [
      "Var_13",
      "val_13lit_1val_15lit_1val_19lit_1val_27lit_21",
    ],
    [
      "Var_14",
      "val_13lit_6val_15lit_21",
    ],
    [
      "Var_15",
      "lit_22",
    ],
  ],
  "Layout_7 :: Var_14 :: group[0]": [
    [
      "Var_12",
      "lit_23",
    ],
    [
      "Var_13",
      "val_1lit_1val_15lit_1val_18lit_1val_27lit_21",
    ],
    [
      "Var_14",
      "val_1lit_6val_15lit_21",
    ],
    [
      "Var_15",
      "lit_22",
    ],
  ],
  "Layout_7 :: Var_14 :: group[1]": [
    [
      "Var_12",
      "lit_23",
    ],
    [
      "Var_13",
      "val_5lit_1val_15lit_1val_18lit_1val_27lit_21",
    ],
    [
      "Var_14",
      "lit_7val_15lit_21",
    ],
    [
      "Var_15",
      "lit_22",
    ],
  ],
  "Layout_7 :: Var_15 :: group[0]": [
    [
      "Var_12",
      "lit_23",
    ],
    [
      "Var_13",
      "val_1lit_1val_15lit_1val_18lit_1val_27lit_21",
    ],
    [
      "Var_14",
      "val_1lit_6val_15lit_21",
    ],
    [
      "Var_15",
      "lit_22",
    ],
  ],
  "Layout_9 :: Var_12 :: group[0]": [
    [
      "Var_12",
      "lit_4",
    ],
    [
      "Var_13",
      "val_1lit_1val_15lit_1val_21lit_1val_27lit_2",
    ],
    [
      "Var_14",
      "val_1lit_6val_15lit_2",
    ],
    [
      "Var_15",
      "lit_3",
    ],
  ],
  "Layout_9 :: Var_12 :: group[1]": [
    [
      "Var_12",
      "lit_5",
    ],
    [
      "Var_13",
      "val_1lit_1val_17lit_1val_21lit_1val_27lit_2",
    ],
    [
      "Var_14",
      "val_1lit_6val_17lit_2",
    ],
    [
      "Var_15",
      "lit_3",
    ],
  ],
  "Layout_9 :: Var_13 :: group[0]": [
    [
      "Var_12",
      "lit_4",
    ],
    [
      "Var_13",
      "val_1lit_1val_15lit_1val_21lit_1val_27lit_2",
    ],
    [
      "Var_14",
      "val_1lit_6val_15lit_2",
    ],
    [
      "Var_15",
      "lit_3",
    ],
  ],
  "Layout_9 :: Var_13 :: group[1]": [
    [
      "Var_12",
      "lit_4",
    ],
    [
      "Var_13",
      "val_13lit_1val_15lit_1val_22lit_1val_27lit_2",
    ],
    [
      "Var_14",
      "lit_25val_13lit_6val_15lit_8",
    ],
    [
      "Var_15",
      "lit_3",
    ],
  ],
  "Layout_9 :: Var_14 :: group[0]": [
    [
      "Var_12",
      "lit_4",
    ],
    [
      "Var_13",
      "val_1lit_1val_15lit_1val_21lit_1val_27lit_2",
    ],
    [
      "Var_14",
      "val_1lit_6val_15lit_2",
    ],
    [
      "Var_15",
      "lit_3",
    ],
  ],
  "Layout_9 :: Var_14 :: group[1]": [
    [
      "Var_12",
      "lit_4",
    ],
    [
      "Var_13",
      "val_13lit_1val_16lit_1val_22lit_1val_27lit_2",
    ],
    [
      "Var_14",
      "lit_25val_13lit_6val_16lit_2",
    ],
    [
      "Var_15",
      "lit_3",
    ],
  ],
  "Layout_9 :: Var_14 :: group[2]": [
    [
      "Var_12",
      "lit_4",
    ],
    [
      "Var_13",
      "val_5lit_1val_15lit_1val_21lit_1val_27lit_2",
    ],
    [
      "Var_14",
      "lit_7val_15lit_2",
    ],
    [
      "Var_15",
      "lit_3",
    ],
  ],
  "Layout_9 :: Var_14 :: group[3]": [
    [
      "Var_12",
      "lit_4",
    ],
    [
      "Var_13",
      "val_13lit_1val_15lit_1val_22lit_1val_27lit_2",
    ],
    [
      "Var_14",
      "lit_25val_13lit_6val_15lit_8",
    ],
    [
      "Var_15",
      "lit_3",
    ],
  ],
  "Layout_9 :: Var_15 :: group[0]": [
    [
      "Var_12",
      "lit_4",
    ],
    [
      "Var_13",
      "val_1lit_1val_15lit_1val_21lit_1val_27lit_2",
    ],
    [
      "Var_14",
      "val_1lit_6val_15lit_2",
    ],
    [
      "Var_15",
      "lit_3",
    ],
  ],
}
`;
