// Bun Snapshot v1, https://bun.sh/docs/test/snapshots

exports[`fixture: fifa-wc (anonymized real template) full behavior snapshot is stable 1`] = `
{
  "Layout_11 :: Var_73 :: group[0]": [
    [
      "Var_73",
      "val_5lit_10",
    ],
    [
      "Var_74",
      "val_1lit_15",
    ],
    [
      "Var_75",
      "val_1lit_16",
    ],
    [
      "Var_76",
      "val_1lit_17",
    ],
    [
      "Var_77",
      "val_1lit_18",
    ],
    [
      "Var_78",
      "lit_11",
    ],
    [
      "Var_79",
      "lit_12",
    ],
    [
      "Var_80",
      "lit_13",
    ],
    [
      "Var_81",
      "lit_14",
    ],
  ],
  "Layout_11 :: Var_74 :: group[0]": [
    [
      "Var_73",
      "val_3lit_10",
    ],
    [
      "Var_74",
      "val_1lit_15",
    ],
    [
      "Var_75",
      "val_1lit_16",
    ],
    [
      "Var_76",
      "val_1lit_17",
    ],
    [
      "Var_77",
      "val_1lit_18",
    ],
    [
      "Var_78",
      "lit_11",
    ],
    [
      "Var_79",
      "lit_12",
    ],
    [
      "Var_80",
      "lit_13",
    ],
    [
      "Var_81",
      "lit_14",
    ],
  ],
  "Layout_11 :: Var_75 :: group[0]": [
    [
      "Var_73",
      "val_3lit_10",
    ],
    [
      "Var_74",
      "val_1lit_15",
    ],
    [
      "Var_75",
      "val_1lit_16",
    ],
    [
      "Var_76",
      "val_1lit_17",
    ],
    [
      "Var_77",
      "val_1lit_18",
    ],
    [
      "Var_78",
      "lit_11",
    ],
    [
      "Var_79",
      "lit_12",
    ],
    [
      "Var_80",
      "lit_13",
    ],
    [
      "Var_81",
      "lit_14",
    ],
  ],
  "Layout_11 :: Var_76 :: group[0]": [
    [
      "Var_73",
      "val_3lit_10",
    ],
    [
      "Var_74",
      "val_1lit_15",
    ],
    [
      "Var_75",
      "val_1lit_16",
    ],
    [
      "Var_76",
      "val_1lit_17",
    ],
    [
      "Var_77",
      "val_1lit_18",
    ],
    [
      "Var_78",
      "lit_11",
    ],
    [
      "Var_79",
      "lit_12",
    ],
    [
      "Var_80",
      "lit_13",
    ],
    [
      "Var_81",
      "lit_14",
    ],
  ],
  "Layout_11 :: Var_77 :: group[0]": [
    [
      "Var_73",
      "val_3lit_10",
    ],
    [
      "Var_74",
      "val_1lit_15",
    ],
    [
      "Var_75",
      "val_1lit_16",
    ],
    [
      "Var_76",
      "val_1lit_17",
    ],
    [
      "Var_77",
      "val_1lit_18",
    ],
    [
      "Var_78",
      "lit_11",
    ],
    [
      "Var_79",
      "lit_12",
    ],
    [
      "Var_80",
      "lit_13",
    ],
    [
      "Var_81",
      "lit_14",
    ],
  ],
  "Layout_11 :: Var_78 :: group[0] (always)": [
    [
      "Var_73",
      "val_3lit_10",
    ],
    [
      "Var_74",
      "val_1lit_15",
    ],
    [
      "Var_75",
      "val_1lit_16",
    ],
    [
      "Var_76",
      "val_1lit_17",
    ],
    [
      "Var_77",
      "val_1lit_18",
    ],
    [
      "Var_78",
      "lit_11",
    ],
    [
      "Var_79",
      "lit_12",
    ],
    [
      "Var_80",
      "lit_13",
    ],
    [
      "Var_81",
      "lit_14",
    ],
  ],
  "Layout_11 :: Var_79 :: group[0] (always)": [
    [
      "Var_73",
      "val_3lit_10",
    ],
    [
      "Var_74",
      "val_1lit_15",
    ],
    [
      "Var_75",
      "val_1lit_16",
    ],
    [
      "Var_76",
      "val_1lit_17",
    ],
    [
      "Var_77",
      "val_1lit_18",
    ],
    [
      "Var_78",
      "lit_11",
    ],
    [
      "Var_79",
      "lit_12",
    ],
    [
      "Var_80",
      "lit_13",
    ],
    [
      "Var_81",
      "lit_14",
    ],
  ],
  "Layout_11 :: Var_80 :: group[0] (always)": [
    [
      "Var_73",
      "val_3lit_10",
    ],
    [
      "Var_74",
      "val_1lit_15",
    ],
    [
      "Var_75",
      "val_1lit_16",
    ],
    [
      "Var_76",
      "val_1lit_17",
    ],
    [
      "Var_77",
      "val_1lit_18",
    ],
    [
      "Var_78",
      "lit_11",
    ],
    [
      "Var_79",
      "lit_12",
    ],
    [
      "Var_80",
      "lit_13",
    ],
    [
      "Var_81",
      "lit_14",
    ],
  ],
  "Layout_11 :: Var_81 :: group[0] (always)": [
    [
      "Var_73",
      "val_3lit_10",
    ],
    [
      "Var_74",
      "val_1lit_15",
    ],
    [
      "Var_75",
      "val_1lit_16",
    ],
    [
      "Var_76",
      "val_1lit_17",
    ],
    [
      "Var_77",
      "val_1lit_18",
    ],
    [
      "Var_78",
      "lit_11",
    ],
    [
      "Var_79",
      "lit_12",
    ],
    [
      "Var_80",
      "lit_13",
    ],
    [
      "Var_81",
      "lit_14",
    ],
  ],
  "Layout_4 :: Var_73 :: group[0]": [
    [
      "Var_73",
      "val_5lit_1",
    ],
    [
      "Var_74",
      "val_1lit_6",
    ],
    [
      "Var_75",
      "val_1lit_7",
    ],
    [
      "Var_76",
      "val_1lit_8",
    ],
    [
      "Var_77",
      "val_1lit_9",
    ],
    [
      "Var_78",
      "lit_2",
    ],
    [
      "Var_79",
      "lit_3",
    ],
    [
      "Var_80",
      "lit_4",
    ],
    [
      "Var_81",
      "lit_5",
    ],
  ],
  "Layout_4 :: Var_74 :: group[0]": [
    [
      "Var_73",
      "val_3lit_1",
    ],
    [
      "Var_74",
      "val_1lit_6",
    ],
    [
      "Var_75",
      "val_1lit_7",
    ],
    [
      "Var_76",
      "val_1lit_8",
    ],
    [
      "Var_77",
      "val_1lit_9",
    ],
    [
      "Var_78",
      "lit_2",
    ],
    [
      "Var_79",
      "lit_3",
    ],
    [
      "Var_80",
      "lit_4",
    ],
    [
      "Var_81",
      "lit_5",
    ],
  ],
  "Layout_4 :: Var_75 :: group[0]": [
    [
      "Var_73",
      "val_3lit_1",
    ],
    [
      "Var_74",
      "val_1lit_6",
    ],
    [
      "Var_75",
      "val_1lit_7",
    ],
    [
      "Var_76",
      "val_1lit_8",
    ],
    [
      "Var_77",
      "val_1lit_9",
    ],
    [
      "Var_78",
      "lit_2",
    ],
    [
      "Var_79",
      "lit_3",
    ],
    [
      "Var_80",
      "lit_4",
    ],
    [
      "Var_81",
      "lit_5",
    ],
  ],
  "Layout_4 :: Var_76 :: group[0]": [
    [
      "Var_73",
      "val_3lit_1",
    ],
    [
      "Var_74",
      "val_1lit_6",
    ],
    [
      "Var_75",
      "val_1lit_7",
    ],
    [
      "Var_76",
      "val_1lit_8",
    ],
    [
      "Var_77",
      "val_1lit_9",
    ],
    [
      "Var_78",
      "lit_2",
    ],
    [
      "Var_79",
      "lit_3",
    ],
    [
      "Var_80",
      "lit_4",
    ],
    [
      "Var_81",
      "lit_5",
    ],
  ],
  "Layout_4 :: Var_77 :: group[0]": [
    [
      "Var_73",
      "val_3lit_1",
    ],
    [
      "Var_74",
      "val_1lit_6",
    ],
    [
      "Var_75",
      "val_1lit_7",
    ],
    [
      "Var_76",
      "val_1lit_8",
    ],
    [
      "Var_77",
      "val_1lit_9",
    ],
    [
      "Var_78",
      "lit_2",
    ],
    [
      "Var_79",
      "lit_3",
    ],
    [
      "Var_80",
      "lit_4",
    ],
    [
      "Var_81",
      "lit_5",
    ],
  ],
  "Layout_4 :: Var_78 :: group[0] (always)": [
    [
      "Var_73",
      "val_3lit_1",
    ],
    [
      "Var_74",
      "val_1lit_6",
    ],
    [
      "Var_75",
      "val_1lit_7",
    ],
    [
      "Var_76",
      "val_1lit_8",
    ],
    [
      "Var_77",
      "val_1lit_9",
    ],
    [
      "Var_78",
      "lit_2",
    ],
    [
      "Var_79",
      "lit_3",
    ],
    [
      "Var_80",
      "lit_4",
    ],
    [
      "Var_81",
      "lit_5",
    ],
  ],
  "Layout_4 :: Var_79 :: group[0] (always)": [
    [
      "Var_73",
      "val_3lit_1",
    ],
    [
      "Var_74",
      "val_1lit_6",
    ],
    [
      "Var_75",
      "val_1lit_7",
    ],
    [
      "Var_76",
      "val_1lit_8",
    ],
    [
      "Var_77",
      "val_1lit_9",
    ],
    [
      "Var_78",
      "lit_2",
    ],
    [
      "Var_79",
      "lit_3",
    ],
    [
      "Var_80",
      "lit_4",
    ],
    [
      "Var_81",
      "lit_5",
    ],
  ],
  "Layout_4 :: Var_80 :: group[0] (always)": [
    [
      "Var_73",
      "val_3lit_1",
    ],
    [
      "Var_74",
      "val_1lit_6",
    ],
    [
      "Var_75",
      "val_1lit_7",
    ],
    [
      "Var_76",
      "val_1lit_8",
    ],
    [
      "Var_77",
      "val_1lit_9",
    ],
    [
      "Var_78",
      "lit_2",
    ],
    [
      "Var_79",
      "lit_3",
    ],
    [
      "Var_80",
      "lit_4",
    ],
    [
      "Var_81",
      "lit_5",
    ],
  ],
  "Layout_4 :: Var_81 :: group[0] (always)": [
    [
      "Var_73",
      "val_3lit_1",
    ],
    [
      "Var_74",
      "val_1lit_6",
    ],
    [
      "Var_75",
      "val_1lit_7",
    ],
    [
      "Var_76",
      "val_1lit_8",
    ],
    [
      "Var_77",
      "val_1lit_9",
    ],
    [
      "Var_78",
      "lit_2",
    ],
    [
      "Var_79",
      "lit_3",
    ],
    [
      "Var_80",
      "lit_4",
    ],
    [
      "Var_81",
      "lit_5",
    ],
  ],
}
`;
